[2026-06-24 10:46:56] GUI started.
[2026-06-24 11:17:15] GUI started.
[2026-06-24 11:20:16] open_door completed with state unknown.
[2026-06-24 11:20:18] open_door completed with state unknown.
[2026-06-24 11:20:19] close_door completed with state unknown.
[2026-06-24 11:20:21] stop_door completed with state unknown.
[2026-06-24 11:20:23] get_door_state completed with state unknown.
[2026-06-24 11:20:24] close_door completed with state unknown.
[2026-06-24 11:20:25] open_door completed with state unknown.
[2026-06-24 11:20:26] close_door completed with state unknown.
[2026-06-24 11:20:26] open_door completed with state unknown.
[2026-06-24 11:20:27] close_door completed with state unknown.
[2026-06-24 11:20:27] open_door completed with state unknown.
[2026-06-24 11:20:28] close_door completed with state unknown.
[2026-06-24 11:20:38] get_door_state completed with state unknown.
[2026-06-24 11:21:02] Threat inference failed: [Errno 2] No such file or directory: 'src\\smart_home_bridge\\models\\chicken_threat_detector_best.pt'
[2026-06-24 11:21:56] GUI started.
[2026-06-24 11:22:05] Threat inference completed with none risk from 0 detections.
[2026-06-24 11:22:09] Threat inference completed with none risk from 0 detections.
[2026-06-24 11:22:12] Threat inference completed with none risk from 0 detections.
[2026-06-24 11:22:14] Threat inference completed with none risk from 0 detections.
[2026-06-24 11:22:15] Threat inference completed with none risk from 0 detections.
[2026-06-24 11:22:47] Threat inference completed with none risk from 0 detections.
[2026-06-24 11:22:48] Threat inference completed with none risk from 0 detections.
[2026-06-24 11:22:51] Threat inference completed with none risk from 0 detections.
[2026-06-24 11:22:52] Threat inference completed with none risk from 1 detections.
[2026-06-24 11:22:53] Threat inference completed with none risk from 1 detections.
[2026-06-24 11:23:54] Threat inference completed with none risk from 1 detections.
[2026-06-24 11:24:18] Threat inference completed with none risk from 0 detections.
[2026-06-24 11:24:42] Threat inference completed with none risk from 0 detections.
[2026-06-24 11:24:43] Threat inference completed with none risk from 0 detections.
[2026-06-24 11:24:44] Threat inference completed with none risk from 0 detections.
[2026-06-24 11:24:45] Threat inference completed with none risk from 0 detections.
[2026-06-24 11:24:47] Threat inference completed with none risk from 0 detections.
[2026-06-24 11:34:57] GUI started.
[2026-06-24 11:35:28] Threat inference completed with none risk from 1 detections.
[2026-06-24 11:35:29] Threat inference completed with none risk from 0 detections.
[2026-06-24 11:35:32] Threat inference completed with none risk from 0 detections.
[2026-06-24 11:35:34] Threat inference completed with none risk from 0 detections.
[2026-06-24 11:35:35] Threat inference completed with none risk from 0 detections.
[2026-06-24 11:35:38] Threat inference completed with none risk from 1 detections.
[2026-06-24 11:36:03] Threat inference completed with none risk from 0 detections.
[2026-06-24 11:36:06] Threat inference completed with none risk from 0 detections.
[2026-06-24 11:36:07] Threat inference completed with none risk from 0 detections.
[2026-06-24 11:36:08] Threat inference completed with none risk from 0 detections.
[2026-06-24 11:36:09] Threat inference completed with none risk from 0 detections.
[2026-06-24 11:36:11] Threat inference completed with none risk from 0 detections.
[2026-06-24 11:36:13] Threat inference completed with none risk from 0 detections.
[2026-06-24 11:36:14] Threat inference completed with none risk from 0 detections.
[2026-06-24 21:45:03] GUI started.
[2026-06-24 21:45:26] open_door completed with state open.
[2026-06-24 21:45:28] close_door completed with state closed.
[2026-06-24 21:45:28] close_door completed with state closed.
[2026-06-24 21:45:29] open_door completed with state open.
[2026-06-24 21:45:34] stop_door completed with state open.
[2026-06-24 21:46:10] Threat inference completed with none risk from 0 detections.
[2026-06-24 21:46:10] Threat inference completed with none risk from 0 detections.
[2026-06-24 21:46:28] Threat inference failed: Camera GET request timed out for /jpg
[2026-06-24 21:46:29] Threat inference completed with none risk from 1 detections.
[2026-06-25 13:48:53] GUI started.
[2026-06-25 14:02:55] Threat inference completed with none risk from 0 detections.
[2026-06-25 14:03:10] Threat inference completed with none risk from 1 detections.
[2026-06-25 14:03:15] Threat inference completed with none risk from 1 detections.
[2026-06-25 14:03:16] Threat inference completed with medium risk from 1 detections.
[2026-06-25 14:03:33] Threat inference completed with none risk from 1 detections.
[2026-06-25 14:03:50] Threat inference completed with low risk from 1 detections.
[2026-06-25 14:03:52] Threat inference completed with none risk from 1 detections.
[2026-06-25 14:03:53] Threat inference completed with none risk from 0 detections.
[2026-06-25 14:03:54] Threat inference completed with medium risk from 1 detections.
[2026-06-25 14:03:57] Threat inference completed with none risk from 0 detections.
[2026-06-25 14:03:59] Threat inference completed with none risk from 0 detections.
[2026-06-25 14:04:01] Threat inference completed with none risk from 0 detections.
[2026-06-25 14:04:04] Threat inference completed with medium risk from 1 detections.
[2026-06-25 14:04:12] Threat inference completed with low risk from 2 detections.
[2026-06-25 14:11:14] Threat inference completed with none risk from 0 detections.
[2026-06-25 14:11:17] Threat inference completed with none risk from 1 detections.
[2026-06-25 14:11:19] Threat inference completed with none risk from 1 detections.
[2026-06-25 14:11:22] Threat inference completed with none risk from 1 detections.
[2026-06-25 14:11:24] Threat inference completed with none risk from 5 detections.
[2026-06-25 14:11:26] Threat inference completed with none risk from 1 detections.
[2026-06-25 14:11:28] Threat inference completed with none risk from 1 detections.
[2026-07-03 16:38:39] GUI started.
[2026-07-03 16:38:57] get_door_state completed with state open.
[2026-07-03 16:39:01] close_door completed with state closepending.
[2026-07-03 16:39:06] stop_door completed with state stopping.
[2026-07-03 16:39:11] get_door_state completed with state unknown.
[2026-07-03 16:39:13] get_door_state completed with state unknown.
[2026-07-03 16:39:17] open_door completed with state openpending.
[2026-07-03 16:39:27] get_door_state completed with state closing.
[2026-07-03 17:31:44] GUI started.
[2026-07-03 17:31:48] get_door_state completed with state openpending.
[2026-07-03 17:31:52] stop_door completed with state stopping.
[2026-07-03 17:31:55] get_door_state completed with state stopping.
[2026-07-03 17:31:58] get_door_state completed with state stopping.
[2026-07-03 17:32:03] close_door completed with state closepending.
[2026-07-03 17:32:10] stop_door completed with state stopping.
[2026-07-03 17:32:14] open_door completed with state openpending.
[2026-07-03 17:33:06] close_door completed with state closepending.
[2026-07-03 17:33:08] close_door completed with state closepending.
[2026-07-03 17:33:34] open_door completed with state openpending.
[2026-07-03 17:33:54] get_door_state completed with state open.
[2026-07-03 19:26:31] GUI started.
[2026-07-03 19:26:32] Camera health check passed: http://10.16.15.90:80/health
[2026-07-03 19:32:03] open_door completed with state openpending.
[2026-07-03 19:32:05] close_door completed with state closepending.
[2026-07-03 19:32:07] stop_door completed with state stopping.
[2026-07-03 19:32:10] open_door completed with state openpending.
[2026-07-03 19:32:13] stop_door completed with state stopping.
[2026-07-03 19:32:25] Threat inference completed with none risk from 1 detections.
[2026-07-03 19:32:42] Threat inference completed with none risk from 0 detections.
[2026-07-03 19:32:44] Threat inference completed with medium risk from 1 detections.
[2026-07-03 19:32:46] Threat inference completed with low risk from 1 detections.
[2026-07-03 19:32:50] Threat inference completed with medium risk from 1 detections.
[2026-07-03 19:32:56] Threat inference completed with none risk from 0 detections.
[2026-07-03 19:32:58] Threat inference completed with none risk from 0 detections.
[2026-07-03 19:33:00] Threat inference completed with high risk from 1 detections.
[2026-07-03 19:41:55] GUI started.
[2026-07-03 19:41:56] Camera health check passed: http://10.16.15.90:80/health
[2026-07-03 19:42:12] Threat inference completed with none risk from 1 detections.
[2026-07-03 19:42:26] get_door_state completed with state open.
[2026-07-03 19:42:35] close_door completed with state closepending.
[2026-07-03 19:42:40] Camera health check passed: http://10.16.15.90:80/health
[2026-07-03 19:42:59] Threat inference completed with none risk from 1 detections.
[2026-07-03 19:43:02] Threat inference completed with none risk from 1 detections.
[2026-07-03 19:43:03] Threat inference completed with low risk from 1 detections.
[2026-07-03 19:43:05] Threat inference completed with medium risk from 1 detections.
[2026-07-03 19:43:06] Threat inference completed with none risk from 0 detections.
[2026-07-03 19:43:07] Threat inference completed with none risk from 1 detections.
[2026-07-03 19:43:09] Threat inference completed with none risk from 1 detections.
[2026-07-03 19:43:10] Threat inference completed with none risk from 1 detections.
[2026-07-03 19:43:11] Threat inference completed with none risk from 1 detections.
[2026-07-03 19:43:12] Threat inference completed with none risk from 1 detections.
[2026-07-03 19:43:16] get_door_state completed with state closed.
[2026-07-03 19:43:23] open_door completed with state openpending.
[2026-07-03 19:43:24] stop_door completed with state stopping.
[2026-07-03 19:43:25] get_door_state completed with state unknown.
[2026-07-03 19:43:27] get_door_state completed with state unknown.
[2026-07-03 19:45:28] get_door_state completed with state openpending.
[2026-07-03 19:45:30] get_door_state completed with state openpending.
[2026-07-03 19:45:31] get_door_state completed with state openpending.
[2026-07-03 19:45:32] get_door_state completed with state openpending.
[2026-07-03 19:45:33] get_door_state completed with state open.
[2026-07-03 19:45:34] get_door_state completed with state open.
